// Jest Snapshot v1, https://goo.gl/fbAQLP

exports[`$GF Variables Should be not null 1`] = `
GFVariables {
  "_variables": Map {},
}
`;

exports[`$GF Variables Static should  1`] = `
Array [
  "\${_rule}",
  "\${_color}",
  "\${_value}",
  "\${_level}",
  "\${_formated}",
]
`;
